[www.xpertpoin8.com/demo/restaurant/index.html]
[backblue.gif]
[fade.gif]
[index.html]
[www.xpertpoin8.com/demo/restaurant/css/font-awesome.min.css]
[www.xpertpoin8.com/demo/restaurant/css/bootstrap.min.css]
[www.xpertpoin8.com/demo/restaurant/css/owl.carousel.css]
[www.xpertpoin8.com/demo/restaurant/css/owl.theme.css]
[www.xpertpoin8.com/demo/restaurant/css/animate.min.css]
[www.xpertpoin8.com/demo/restaurant/css/style.css]
[www.xpertpoin8.com/demo/restaurant/icons/flaticon.css]
[www.xpertpoin8.com/demo/restaurant/images/logo.png]
[www.xpertpoin8.com/demo/restaurant/images/slider/1.jpg]
[www.xpertpoin8.com/demo/restaurant/images/slider/2.jpg]
[www.xpertpoin8.com/demo/restaurant/images/slider/3.jpg]
[www.xpertpoin8.com/demo/restaurant/images/dish/1.jpg]
[www.xpertpoin8.com/demo/restaurant/images/hot-deals.png]
[www.xpertpoin8.com/demo/restaurant/images/dish/2.jpg]
[www.xpertpoin8.com/demo/restaurant/images/dish/3.jpg]
[www.xpertpoin8.com/demo/restaurant/images/featured.png]
[www.xpertpoin8.com/demo/restaurant/images/dish/4.jpg]
[www.xpertpoin8.com/demo/restaurant/images/dish/5.jpg]
[www.xpertpoin8.com/demo/restaurant/images/dish/6.jpg]
[www.xpertpoin8.com/demo/restaurant/images/special/1.jpg]
[www.xpertpoin8.com/demo/restaurant/images/special/2.jpg]
[www.xpertpoin8.com/demo/restaurant/images/special/3.jpg]
[www.xpertpoin8.com/demo/restaurant/images/special/4.jpg]
[www.xpertpoin8.com/demo/restaurant/images/special/5.jpg]
[www.xpertpoin8.com/demo/restaurant/images/special/6.jpg]
[www.xpertpoin8.com/demo/restaurant/images/special/7.jpg]
[www.xpertpoin8.com/demo/restaurant/images/special/8.jpg]
[www.xpertpoin8.com/demo/restaurant/images/video/glorias-fajitas.jpg]
[www.xpertpoin8.com/demo/restaurant/images/video/glorias-fajitas.mp4]
[www.xpertpoin8.com/demo/restaurant/images/video/glorias-fajitas.webm]
[www.xpertpoin8.com/demo/restaurant/images/menu/1.jpg]
[www.xpertpoin8.com/demo/restaurant/images/menu/2.jpg]
[www.xpertpoin8.com/demo/restaurant/images/menu/3.jpg]
[www.xpertpoin8.com/demo/restaurant/images/menu/4.jpg]
[www.xpertpoin8.com/demo/restaurant/images/menu/5.jpg]
[www.xpertpoin8.com/demo/restaurant/images/menu/6.jpg]
[www.xpertpoin8.com/demo/restaurant/images/menu/7.jpg]
[www.xpertpoin8.com/demo/restaurant/images/menu/8.jpg]
[www.xpertpoin8.com/demo/restaurant/images/team/team1.png]
[www.xpertpoin8.com/demo/restaurant/images/team/team2.png]
[www.xpertpoin8.com/demo/restaurant/images/team/team3.png]
[www.xpertpoin8.com/demo/restaurant/images/testimonial_face_1.jpg]
[www.xpertpoin8.com/demo/restaurant/images/testimonial_face_2.jpg]
[www.xpertpoin8.com/demo/restaurant/images/testimonial_face_3.jpg]
[www.xpertpoin8.com/demo/restaurant/js/jquery-2.1.0.min.js]
[www.xpertpoin8.com/demo/restaurant/js/jquery.easing.js]
[www.xpertpoin8.com/demo/restaurant/js/jquery.tools.min.js]
[www.xpertpoin8.com/demo/restaurant/js/jquery.nav.js]
[www.xpertpoin8.com/demo/restaurant/js/owl.carousel.min.js]
[www.xpertpoin8.com/demo/restaurant/js/jquery.scrollTo.js]
[www.xpertpoin8.com/demo/restaurant/js/jquery.sticky.js]
[www.xpertpoin8.com/demo/restaurant/js/jquery.appear.js]
[www.xpertpoin8.com/demo/restaurant/js/responsiveslides.min.js]
[www.xpertpoin8.com/demo/restaurant/js/verge.min.js]
[www.xpertpoin8.com/demo/restaurant/index.html]
[www.xpertpoin8.com/demo/restaurant/js/custom.js]
[www.xpertpoin8.com/demo/restaurant/css/fonts/fontawesome-webfont862f.eot]
[www.xpertpoin8.com/demo/restaurant/css/fonts/fontawesome-webfontd41d.eot]
[www.xpertpoin8.com/demo/restaurant/css/fonts/fontawesome-webfont862f.woff]
[www.xpertpoin8.com/demo/restaurant/css/fonts/fontawesome-webfont862f.ttf]
[www.xpertpoin8.com/demo/restaurant/css/font-awesome.min.css]
[www.xpertpoin8.com/demo/restaurant/css/bootstrap.min.css]
[xpertpoin8.com/demo/restaurant/css/grabbing.3e.delayed]
[www.xpertpoin8.com/demo/restaurant/css/owl.carousel.css]
[xpertpoin8.com/demo/restaurant/css/AjaxLoader.gif]
[www.xpertpoin8.com/demo/restaurant/css/owl.theme.css]
[www.xpertpoin8.com/demo/restaurant/css/animate.min.css]
[www.xpertpoin8.com/demo/restaurant/css/style.css]
[www.xpertpoin8.com/demo/restaurant/images/1.jpg]
[www.xpertpoin8.com/demo/restaurant/icons/flaticon.eot]
[www.xpertpoin8.com/demo/restaurant/icons/flaticon.woff]
[www.xpertpoin8.com/demo/restaurant/icons/flaticon.ttf]
[www.xpertpoin8.com/demo/restaurant/icons/flaticon.css]
[www.xpertpoin8.com/demo/restaurant/images/favicon.ico]
[www.xpertpoin8.com/demo/restaurant/css/fonts/fontawesome-webfont862f862f.svg]
[xpertpoin8.com/demo/restaurant/css/grabbing.html]
[xpertpoin8.com/demo/restaurant/css/AjaxLoader.html]
[www.xpertpoin8.com/demo/restaurant/icons/flaticon.svg]
